C:\Java\jdk-19\bin\java.exe -Xms30m -Xms30m "-Xlog:gc*" -verbose:gc -XX:+HeapDumpOnOutOfMemoryError -XX:HeapDumpPath=./logs/dump -XX:+UseParallelGC "-javaagent:C:\Program Files\JetBrains\IntelliJ IDEA Community Edition 2022.2.2\lib\idea_rt.jar=14872:C:\Program Files\JetBrains\IntelliJ IDEA Community Edition 2022.2.2\bin" -Dfile.encoding=UTF-8 -Dsun.stdout.encoding=UTF-8 -Dsun.stderr.encoding=UTF-8 -classpath C:\Users\Aspire\IdeaProjects\Study\Study\hw05-gc\target\classes ru.archipov.GcTests_2
[0.012s][info][gc,init] CardTable entry size: 512
[0.012s][info][gc     ] Using Parallel
[0.014s][info][gc,init] Version: 19+36-2238 (release)
[0.014s][info][gc,init] CPUs: 8 total, 8 available
[0.014s][info][gc,init] Memory: 16264M
[0.014s][info][gc,init] Large Page Support: Disabled
[0.014s][info][gc,init] NUMA Support: Disabled
[0.014s][info][gc,init] Compressed Oops: Enabled (Zero based)
[0.014s][info][gc,init] Alignments: Space 512K, Generation 512K, Heap 2M
[0.014s][info][gc,init] Heap Min Capacity: 30M
[0.014s][info][gc,init] Heap Initial Capacity: 30M
[0.014s][info][gc,init] Heap Max Capacity: 4068M
[0.014s][info][gc,init] Pre-touch: Disabled
[0.014s][info][gc,init] Parallel Workers: 8
[0.014s][info][gc,metaspace] CDS archive(s) mapped at: [0x0000000800000000-0x0000000800c40000-0x0000000800c40000), size 12845056, SharedBaseAddress: 0x0000000800000000, ArchiveRelocationMode: 0.
[0.014s][info][gc,metaspace] Compressed class space mapped at: 0x0000000801000000-0x0000000841000000, reserved size: 1073741824
[0.014s][info][gc,metaspace] Narrow klass base: 0x0000000800000000, Narrow klass shift: 0, Narrow klass range: 0x100000000
[0.381s][info][gc,start    ] GC(0) Pause Young (Allocation Failure)
[0.392s][info][gc,heap     ] GC(0) PSYoungGen: 6458K(9216K)->768K(9216K) Eden: 6458K(8192K)->0K(8192K) From: 0K(1024K)->768K(1024K)
[0.392s][info][gc,heap     ] GC(0) ParOldGen: 0K(20480K)->1414K(20480K)
[0.392s][info][gc,metaspace] GC(0) Metaspace: 741K(896K)->741K(896K) NonClass: 683K(768K)->683K(768K) Class: 57K(128K)->57K(128K)
[0.392s][info][gc          ] GC(0) Pause Young (Allocation Failure) 6M->2M(29M) 11.242ms
[0.392s][info][gc,cpu      ] GC(0) User=0.03s Sys=0.00s Real=0.01s
[919.273s][info][gc,heap,exit] Heap
[919.273s][info][gc,heap,exit]  PSYoungGen      total 9216K, used 7794K [0x00000007ab400000, 0x00000007ac600000, 0x0000000800000000)
[919.273s][info][gc,heap,exit]   eden space 8192K, 85% used [0x00000007ab400000,0x00000007abadcb28,0x00000007abc00000)
[919.273s][info][gc,heap,exit]   from space 1024K, 75% used [0x00000007abc00000,0x00000007abcc0000,0x00000007abd00000)
[919.273s][info][gc,heap,exit]   to   space 1024K, 0% used [0x00000007ac500000,0x00000007ac500000,0x00000007ac600000)
[919.274s][info][gc,heap,exit]  ParOldGen       total 162304K, used 154166K [0x0000000701c00000, 0x000000070ba80000, 0x00000007ab400000)
[919.274s][info][gc,heap,exit]   object space 162304K, 94% used [0x0000000701c00000,0x000000070b28db50,0x000000070ba80000)
[919.274s][info][gc,heap,exit]  Metaspace       used 1138K, committed 1280K, reserved 1114112K
[919.274s][info][gc,heap,exit]   class space    used 88K, committed 192K, reserved 1048576K

Process finished with exit code 130
